// Jest Snapshot v1, https://goo.gl/fbAQLP

exports[`News News component renders without crashing 1`] = `
<div
  className="App"
>
  <h2>
    News
  </h2>
</div>
`;
